Microchip MPLAB XC8 Compiler V2.31

Linker command line:

-W-3 --edf=C:\Program Files\Microchip\xc8\v2.31\pic\dat\en_msgs.txt -cn \
  -h+dist/default/production\Final_Project.X.production.sym \
  --cmf=dist/default/production\Final_Project.X.production.cmf -z -Q18F4550 \
  -oC:\Users\dsdia\AppData\Local\Temp\s6io.3 --defsym=__MPLAB_BUILD=1 \
  -Mdist/default/production/Final_Project.X.production.map -E1 \
  -ver=XC8 Compiler --acfsm=1493 -ASTACK=0B9h-07FFh -pstack=STACK \
  -ACODE=00h-07FFFh -ACONST=00h-07FFFh -ASMALLCONST=0800h-08FFhx120 \
  -AMEDIUMCONST=0800h-07FFFh -ACOMRAM=01h-05Fh -AABS1=00h-07FFh \
  -ABIGRAM=01h-07FFh -ARAM=060h-0FFh,0100h-01FFhx7 -ABANK0=060h-0FFh \
  -ABANK1=0100h-01FFh -ABANK2=0200h-02FFh -ABANK3=0300h-03FFh \
  -ABANK4=0400h-04FFh -ABANK5=0500h-05FFh -ABANK6=0600h-06FFh \
  -ABANK7=0700h-07FFh -ASFR=0F60h-0FFFh -ACONFIG=0300000h-030000Dh \
  -AIDLOC=0200000h-0200007h -AEEDATA=0F00000h-0F000FFh -peeprom_data=EEDATA \
  -preset_vec=00h,intcode=08h,intcodelo,powerup,init -pramtop=0800h \
  -psmallconst=SMALLCONST -pmediumconst=MEDIUMCONST -pconst=CONST \
  -AFARRAM=00h-00h \
  -prdata=COMRAM,nvrram=COMRAM,nvbit=COMRAM,rbss=COMRAM,rbit=COMRAM \
  -pfarbss=FARRAM,fardata=FARRAM,nvFARRAM=FARRAM \
  -pintsave_regs=BIGRAM,bigbss=BIGRAM,bigdata=BIGRAM -pbss=RAM \
  -pidata=CODE,irdata=CODE,ibigdata=CODE,ifardata=CODE -prparam=COMRAM \
  C:\Users\dsdia\AppData\Local\Temp\s6io.o \
  dist/default/production\Final_Project.X.production.o 

Object code version is 3.11

Machine type is 18F4550



                Name                               Link     Load   Length Selector   Space Scale
C:\Users\dsdia\AppData\Local\Temp\s6io.o
                idloc                            200000   200000        8        0       5
                config                           300000   300000        E        0       4
                init                                  E        E        4        4       0
                reset_vec                             0        0        4        0       0
dist/default/production\Final_Project.X.production.o
                intcode                               8        8        6        4       0
                idloc                            200000   200000        8        0       5
                config                           300000   300000        E        0       4
                temp                                 50       50        1        1       1
                mediumconst                        7166     7166      E9A     38B3       0
                text33                             18C0     18C0       1E        4       0
                text32                             163E     163E       5E        4       0
                intcode_body                       1216     1216       9A        4       0
                text30                             18A2     18A2       1E        4       0
                text29                             181A     181A       2A        4       0
                text28                             190C     190C        E        4       0
                text27                             1864     1864       20        4       0
                text26                             1920     1920        6        4       0
                text25                             191A     191A        6        4       0
                text24                             16F6     16F6       54        4       0
                text23                             1844     1844       20        4       0
                text22                             18F6     18F6       16        4       0
                text21                             14A0     14A0       70        4       0
                text20                             169C     169C       5A        4       0
                text19                             174A     174A       48        4       0
                text18                             17F0     17F0       2A        4       0
                text17                             13B2     13B2       78        4       0
                text16                             15E0     15E0       5E        4       0
                text15                             1884     1884       1E        4       0
                text14                              F18      F18       E6        4       0
                text13                             1172     1172       A4        4       0
                text12                              BAA      BAA      262        4       0
                text11                             1792     1792       30        4       0
                text10                              54E      54E      3EC        4       0
                text9                               FFE      FFE       C4        4       0
                text8                              10C2     10C2       B0        4       0
                text7                              12B0     12B0       88        4       0
                text6                                12       12      53C        4       0
                text5                               E0C      E0C      10C        4       0
                text4                              1510     1510       6A        4       0
                text3                              1338     1338       7A        4       0
                text2                              142A     142A       76        4       0
                text1                              17C2     17C2       2E        4       0
                text0                               93A      93A      270        4       0
                cstackCOMRAM                          1        1       43        1       1
                cstackBANK0                          A3       A3       16       60       1
                dataBANK0                            8B       8B       18       60       1
                bssBANK0                             60       60       2B       60       1
                dataCOMRAM                           4C       4C        4        1       1
                bssCOMRAM                            44       44        8        1       1
                cinit                              157A     157A       66        4       0
                idataBANK0                         18DE     18DE       18        4       0
                idataCOMRAM                        1926     1926        4        4       0

TOTAL           Name                               Link     Load   Length     Space
        CLASS   STACK          

        CLASS   CODE           
                intcode                               8        8        6         0
                init                                  E        E        4         0
                reset_vec                             0        0        4         0
                text33                             18C0     18C0       1E         0
                text32                             163E     163E       5E         0
                intcode_body                       1216     1216       9A         0
                text30                             18A2     18A2       1E         0
                text29                             181A     181A       2A         0
                text28                             190C     190C        E         0
                text27                             1864     1864       20         0
                text26                             1920     1920        6         0
                text25                             191A     191A        6         0
                text24                             16F6     16F6       54         0
                text23                             1844     1844       20         0
                text22                             18F6     18F6       16         0
                text21                             14A0     14A0       70         0
                text20                             169C     169C       5A         0
                text19                             174A     174A       48         0
                text18                             17F0     17F0       2A         0
                text17                             13B2     13B2       78         0
                text16                             15E0     15E0       5E         0
                text15                             1884     1884       1E         0
                text14                              F18      F18       E6         0
                text13                             1172     1172       A4         0
                text12                              BAA      BAA      262         0
                text11                             1792     1792       30         0
                text10                              54E      54E      3EC         0
                text9                               FFE      FFE       C4         0
                text8                              10C2     10C2       B0         0
                text7                              12B0     12B0       88         0
                text6                                12       12      53C         0
                text5                               E0C      E0C      10C         0
                text4                              1510     1510       6A         0
                text3                              1338     1338       7A         0
                text2                              142A     142A       76         0
                text1                              17C2     17C2       2E         0
                text0                               93A      93A      270         0
                cinit                              157A     157A       66         0
                idataBANK0                         18DE     18DE       18         0
                idataCOMRAM                        1926     1926        4         0

        CLASS   CONST          

        CLASS   SMALLCONST     

        CLASS   MEDIUMCONST    
                mediumconst                        7166     7166      E9A         0

        CLASS   COMRAM         
                temp                                 50       50        1         1
                cstackCOMRAM                          1        1       43         1
                dataCOMRAM                           4C       4C        4         1
                bssCOMRAM                            44       44        8         1

        CLASS   ABS1           

        CLASS   BIGRAM         

        CLASS   RAM            

        CLASS   BANK0          
                cstackBANK0                          A3       A3       16         1
                dataBANK0                            8B       8B       18         1
                bssBANK0                             60       60       2B         1

        CLASS   BANK1          

        CLASS   BANK2          

        CLASS   BANK3          

        CLASS   BANK4          

        CLASS   BANK5          

        CLASS   BANK6          

        CLASS   BANK7          

        CLASS   SFR            

        CLASS   CONFIG         
                config                           300000   300000        E         4

        CLASS   IDLOC          
                idloc                            200000   200000        8         5

        CLASS   EEDATA         

        CLASS   FARRAM         



SEGMENTS        Name                           Load    Length   Top    Selector   Space  Class

                reset_vec                      000000  000004  000004         0       0  CODE    
                cstackCOMRAM                   000001  000050  000051         1       1  COMRAM  
                intcode                        000008  001922  00192A         4       0  CODE    
                bssBANK0                       000060  000059  0000B9        60       1  BANK0   
                mediumconst                    007166  000E9A  008000      38B3       0  MEDIUMCO


UNUSED ADDRESS RANGES

        Name                Unused          Largest block    Delta
        BANK0            0000B9-0000FF               47
        BANK1            000100-0001FF              100
        BANK2            000200-0002FF              100
        BANK3            000300-0003FF              100
        BANK4            000400-0004FF              100
        BANK5            000500-0005FF              100
        BANK6            000600-0006FF              100
        BANK7            000700-0007FF              100
        BIGRAM           000051-00005F                F
                         0000B9-0007FF              747
        CODE             000004-000007                4
                         00192A-007165             583C
        COMRAM           000051-00005F                F
        CONST            000004-000007                4
                         00192A-007165             583C
        EEDATA           F00000-F000FF              100
        MEDIUMCONST      00192A-007165             583C
        RAM              0000B9-0007FF              100
        SFR              000F60-000FFF               A0
        SMALLCONST       00192A-007165              100
        STACK            0000B9-0007FF              747

                                  Symbol Table

?_GLCD_Printf                                cstackCOMRAM 000036
?___aldiv                                    cstackCOMRAM 000019
?___awdiv                                    cstackCOMRAM 00000D
?___awmod                                    cstackCOMRAM 00000D
?___lldiv                                    cstackCOMRAM 00000D
?___lmul                                     cstackCOMRAM 00000D
?_analogRead                                 cstackCOMRAM 00000F
?_map                                        cstackCOMRAM 000027
?i2_analogRead                               cstackCOMRAM 000003
DELAY_ms@ms_count                            cstackCOMRAM 00000F
DELAY_sec@sec_count                          cstackCOMRAM 000011
DELAY_us@us_count                            cstackCOMRAM 00000D
GLCD_Clear@cursor                            cstackCOMRAM 000012
GLCD_Clear@line                              cstackCOMRAM 000013
GLCD_DisplayChar@ch                          cstackCOMRAM 000015
GLCD_DisplayChar@dat                         cstackCOMRAM 000013
GLCD_DisplayChar@i                           cstackCOMRAM 000014
GLCD_DisplayLogo@cursor                      cstackCOMRAM 000012
GLCD_DisplayLogo@line                        cstackCOMRAM 000013
GLCD_DisplayLogo@ptr_Logo                    cstackCOMRAM 000010
GLCD_DisplayNumber@a                         cstackCOMRAM 000028
GLCD_DisplayNumber@i                         cstackCOMRAM 000035
GLCD_DisplayNumber@v_numOfDigitsToDisplay_u8 cstackCOMRAM 00001E
GLCD_DisplayNumber@v_number_u32              cstackCOMRAM 00001A
GLCD_DisplayNumber@v_numericSystem_u8        cstackCOMRAM 000034
GLCD_DisplayString@ptr                       cstackCOMRAM 000016
GLCD_GoToLine@lineNumber                     cstackCOMRAM 000011
GLCD_GoToPage@pageNumber                     cstackCOMRAM 000010
GLCD_Printf@argList                          cstackCOMRAM 000036
GLCD_Printf@argp                             cstackBANK0  0000B3
GLCD_Printf@ch                               cstackBANK0  0000B1
GLCD_Printf@ptr                              cstackBANK0  0000AF
GLCD_Printf@str                              cstackBANK0  0000A3
GLCD_Printf@v_numOfDigitsToDisp_u8           cstackBANK0  0000B2
GLCD_Printf@v_num_s16                        cstackBANK0  0000A5
GLCD_Printf@v_num_s32                        cstackBANK0  0000A7
GLCD_Printf@v_num_u16                        cstackBANK0  0000AD
GLCD_Printf@v_num_u32                        cstackBANK0  0000A9
GLCD_SetCursor@CursorPosition                cstackCOMRAM 000015
GLCD_SetCursor@lineNumber                    cstackCOMRAM 000016
GLCD_SetCursor@pageNumber                    cstackCOMRAM 000017
_ADCON0bits                                  (abs)        000FC2
_ADCON1bits                                  (abs)        000FC1
_ADCON2bits                                  (abs)        000FC0
_ADRESH                                      (abs)        000FC4
_ADRESL                                      (abs)        000FC3
_A_GlcdFontTable_U8                          mediumconst  007567
_CCP1CONbits                                 (abs)        000FBD
_CCPR1L                                      (abs)        000FBE
_Config                                      text19       00174A
_DELAY_ms                                    text29       00181A
_DELAY_sec                                   text18       0017F0
_DELAY_us                                    text30       0018A2
_GLCD                                        bssCOMRAM    000044
_GLCD_Clear                                  text21       0014A0
_GLCD_DisplayChar                            text14       000F18
_GLCD_DisplayLogo                            text17       0013B2
_GLCD_DisplayNumber                          text12       000BAA
_GLCD_DisplayNumber$123                      cstackCOMRAM 000032
_GLCD_DisplayString                          text11       001792
_GLCD_GoToLine                               text23       001844
_GLCD_GoToNextLine                           text15       001884
_GLCD_GoToPage                               text24       0016F6
_GLCD_Init                                   text20       00169C
_GLCD_Printf                                 text10       00054E
_GLCD_SetCursor                              text7        0012B0
_INTCON2bits                                 (abs)        000FF1
_INTCONbits                                  (abs)        000FF2
_IPR1bits                                    (abs)        000F9F
_KeyBoard                                    bssBANK0     000078
_LDR                                         bssBANK0     000074
_LM35                                        bssBANK0     000070
_LogoBitMap                                  mediumconst  007167
_OffState                                    mediumconst  007742
_OnState                                     mediumconst  007B42
_PIE1bits                                    (abs)        000F9D
_PIR1bits                                    (abs)        000F9E
_PORTB                                       (abs)        000F81
_PORTCbits                                   (abs)        000F82
_PORTD                                       (abs)        000F83
_PORTEbits                                   (abs)        000F84
_PR2                                         (abs)        000FCB
_RCONbits                                    (abs)        000FD0
_T0CON                                       (abs)        000FD5
_T0CONbits                                   (abs)        000FD5
_T1CON                                       (abs)        000FCD
_T2CONbits                                   (abs)        000FCA
_TMR1IE                                      (abs)        007CE8
_TMR1IF                                      (abs)        007CF0
_TMR2                                        (abs)        000FCC
_TRISAbits                                   (abs)        000F92
_TRISB                                       (abs)        000F93
_TRISC                                       (abs)        000F94
_TRISCbits                                   (abs)        000F94
_TRISD                                       (abs)        000F95
_TRISEbits                                   (abs)        000F96
__HRAM                                       (abs)        000000
__Habs1                                      abs1         000000
__Hbank0                                     bank0        000000
__Hbank1                                     bank1        000000
__Hbank2                                     bank2        000000
__Hbank3                                     bank3        000000
__Hbank4                                     bank4        000000
__Hbank5                                     bank5        000000
__Hbank6                                     bank6        000000
__Hbank7                                     bank7        000000
__Hbigbss                                    bigbss       000000
__Hbigdata                                   bigdata      000000
__Hbigram                                    bigram       000000
__Hbss                                       bss          000000
__HbssBANK0                                  bssBANK0     000000
__HbssCOMRAM                                 bssCOMRAM    000000
__Hcinit                                     cinit        000000
__Hclrtext                                   clrtext      000000
__Hcomram                                    comram       000000
__Hconfig                                    config       30000E
__Hconst                                     const        000000
__HcstackBANK0                               cstackBANK0  000000
__HcstackCOMRAM                              cstackCOMRAM 000000
__Hdata                                      data         000000
__HdataBANK0                                 dataBANK0    000000
__HdataCOMRAM                                dataCOMRAM   000000
__Heeprom_data                               eeprom_data  000000
__Hfarbss                                    farbss       000000
__Hfardata                                   fardata      000000
__Hibigdata                                  ibigdata     000000
__Hidata                                     idata        000000
__HidataBANK0                                idataBANK0   000000
__HidataCOMRAM                               idataCOMRAM  000000
__Hidloc                                     idloc        200008
__Hifardata                                  ifardata     000000
__Hinit                                      init         000012
__Hintcode                                   intcode      00000E
__Hintcode_body                              intcode_body 000000
__Hintcodelo                                 intcodelo    00000E
__Hintentry                                  intentry     000000
__Hintret                                    intret       000000
__Hintsave_regs                              intsave_regs 000000
__Hirdata                                    irdata       000000
__Hmediumconst                               mediumconst  008000
__HnvFARRAM                                  nvFARRAM     000000
__Hnvbit                                     nvbit        000000
__Hnvrram                                    nvrram       000000
__Hparam                                     rparam       000000
__Hpowerup                                   powerup      00000E
__Hram                                       ram          000000
__Hramtop                                    ramtop       000800
__Hrbit                                      rbit         000000
__Hrbss                                      rbss         000000
__Hrdata                                     rdata        000000
__Hreset_vec                                 reset_vec    000004
__Hrparam                                    rparam       000000
__Hsfr                                       sfr          000000
__Hsmallconst                                smallconst   000000
__Hspace_0                                   (abs)        008000
__Hspace_1                                   (abs)        0000B9
__Hspace_2                                   (abs)        000000
__Hspace_4                                   (abs)        60000E
__Hstack                                     stack        000000
__Hstruct                                    struct       000000
__Htemp                                      temp         000051
__Htext                                      text         000000
__Htext0                                     text0        000000
__Htext1                                     text1        000000
__Htext10                                    text10       000000
__Htext11                                    text11       000000
__Htext12                                    text12       000000
__Htext13                                    text13       000000
__Htext14                                    text14       000000
__Htext15                                    text15       000000
__Htext16                                    text16       000000
__Htext17                                    text17       000000
__Htext18                                    text18       000000
__Htext19                                    text19       000000
__Htext2                                     text2        000000
__Htext20                                    text20       000000
__Htext21                                    text21       000000
__Htext22                                    text22       000000
__Htext23                                    text23       000000
__Htext24                                    text24       000000
__Htext25                                    text25       000000
__Htext26                                    text26       000000
__Htext27                                    text27       000000
__Htext28                                    text28       000000
__Htext29                                    text29       000000
__Htext3                                     text3        000000
__Htext30                                    text30       000000
__Htext32                                    text32       000000
__Htext33                                    text33       000000
__Htext4                                     text4        000000
__Htext5                                     text5        000000
__Htext6                                     text6        000000
__Htext7                                     text7        000000
__Htext8                                     text8        000000
__Htext9                                     text9        000000
__LRAM                                       (abs)        000001
__Labs1                                      abs1         000000
__Lbank0                                     bank0        000000
__Lbank1                                     bank1        000000
__Lbank2                                     bank2        000000
__Lbank3                                     bank3        000000
__Lbank4                                     bank4        000000
__Lbank5                                     bank5        000000
__Lbank6                                     bank6        000000
__Lbank7                                     bank7        000000
__Lbigbss                                    bigbss       000000
__Lbigdata                                   bigdata      000000
__Lbigram                                    bigram       000000
__Lbss                                       bss          000000
__LbssBANK0                                  bssBANK0     000000
__LbssCOMRAM                                 bssCOMRAM    000000
__Lcinit                                     cinit        000000
__Lclrtext                                   clrtext      000000
__Lcomram                                    comram       000000
__Lconfig                                    config       000000
__Lconst                                     const        000000
__LcstackBANK0                               cstackBANK0  000000
__LcstackCOMRAM                              cstackCOMRAM 000000
__Ldata                                      data         000000
__LdataBANK0                                 dataBANK0    000000
__LdataCOMRAM                                dataCOMRAM   000000
__Leeprom_data                               eeprom_data  000000
__Lfarbss                                    farbss       000000
__Lfardata                                   fardata      000000
__Libigdata                                  ibigdata     000000
__Lidata                                     idata        000000
__LidataBANK0                                idataBANK0   000000
__LidataCOMRAM                               idataCOMRAM  000000
__Lidloc                                     idloc        000000
__Lifardata                                  ifardata     000000
__Linit                                      init         00000E
__Lintcode                                   intcode      000008
__Lintcode_body                              intcode_body 000000
__Lintcodelo                                 intcodelo    00000E
__Lintentry                                  intentry     000000
__Lintret                                    intret       000000
__Lintsave_regs                              intsave_regs 000000
__Lirdata                                    irdata       000000
__Lmediumconst                               mediumconst  007166
__LnvFARRAM                                  nvFARRAM     000000
__Lnvbit                                     nvbit        000000
__Lnvrram                                    nvrram       000000
__Lparam                                     rparam       000000
__Lpowerup                                   powerup      00000E
__Lram                                       ram          000000
__Lramtop                                    ramtop       000800
__Lrbit                                      rbit         000000
__Lrbss                                      rbss         000000
__Lrdata                                     rdata        000000
__Lreset_vec                                 reset_vec    000000
__Lrparam                                    rparam       000000
__Lsfr                                       sfr          000000
__Lsmallconst                                smallconst   000000
__Lspace_0                                   (abs)        000000
__Lspace_1                                   (abs)        000000
__Lspace_2                                   (abs)        000000
__Lspace_4                                   (abs)        000000
__Lstack                                     stack        000000
__Lstruct                                    struct       000000
__Ltemp                                      temp         000050
__Ltext                                      text         000000
__Ltext0                                     text0        000000
__Ltext1                                     text1        000000
__Ltext10                                    text10       000000
__Ltext11                                    text11       000000
__Ltext12                                    text12       000000
__Ltext13                                    text13       000000
__Ltext14                                    text14       000000
__Ltext15                                    text15       000000
__Ltext16                                    text16       000000
__Ltext17                                    text17       000000
__Ltext18                                    text18       000000
__Ltext19                                    text19       000000
__Ltext2                                     text2        000000
__Ltext20                                    text20       000000
__Ltext21                                    text21       000000
__Ltext22                                    text22       000000
__Ltext23                                    text23       000000
__Ltext24                                    text24       000000
__Ltext25                                    text25       000000
__Ltext26                                    text26       000000
__Ltext27                                    text27       000000
__Ltext28                                    text28       000000
__Ltext29                                    text29       000000
__Ltext3                                     text3        000000
__Ltext30                                    text30       000000
__Ltext32                                    text32       000000
__Ltext33                                    text33       000000
__Ltext4                                     text4        000000
__Ltext5                                     text5        000000
__Ltext6                                     text6        000000
__Ltext7                                     text7        000000
__Ltext8                                     text8        000000
__Ltext9                                     text9        000000
__S0                                         (abs)        008000
__S1                                         (abs)        0000B9
__S2                                         (abs)        000000
__S4                                         (abs)        000000
__S5                                         (abs)        000000
___aldiv                                     text5        000E0C
___aldiv@counter                             cstackCOMRAM 000021
___aldiv@dividend                            cstackCOMRAM 000019
___aldiv@divisor                             cstackCOMRAM 00001D
___aldiv@quotient                            cstackCOMRAM 000023
___aldiv@sign                                cstackCOMRAM 000022
___awdiv                                     text9        000FFE
___awdiv@counter                             cstackCOMRAM 000011
___awdiv@dividend                            cstackCOMRAM 00000D
___awdiv@divisor                             cstackCOMRAM 00000F
___awdiv@quotient                            cstackCOMRAM 000013
___awdiv@sign                                cstackCOMRAM 000012
___awmod                                     text8        0010C2
___awmod@counter                             cstackCOMRAM 000011
___awmod@dividend                            cstackCOMRAM 00000D
___awmod@divisor                             cstackCOMRAM 00000F
___awmod@sign                                cstackCOMRAM 000012
___inthi_sp                                  stack        000000
___intlo_sp                                  stack        000000
___lldiv                                     text13       001172
___lldiv@counter                             cstackCOMRAM 000019
___lldiv@dividend                            cstackCOMRAM 00000D
___lldiv@divisor                             cstackCOMRAM 000011
___lldiv@quotient                            cstackCOMRAM 000015
___lmul                                      text4        001510
___lmul@multiplicand                         cstackCOMRAM 000011
___lmul@multiplier                           cstackCOMRAM 00000D
___lmul@product                              cstackCOMRAM 000015
___param_bank                                (abs)        000000
___rparam_used                               (abs)        000001
___sp                                        stack        000000
__accesstop                                  (abs)        000060
__activetblptr                               (abs)        000002
__end_of_A_GlcdFontTable_U8                  mediumconst  007742
__end_of_Config                              text19       001792
__end_of_DELAY_ms                            text29       001844
__end_of_DELAY_sec                           text18       00181A
__end_of_DELAY_us                            text30       0018C0
__end_of_GLCD_Clear                          text21       001510
__end_of_GLCD_DisplayChar                    text14       000FFE
__end_of_GLCD_DisplayLogo                    text17       00142A
__end_of_GLCD_DisplayNumber                  text12       000E0C
__end_of_GLCD_DisplayString                  text11       0017C2
__end_of_GLCD_GoToLine                       text23       001864
__end_of_GLCD_GoToNextLine                   text15       0018A2
__end_of_GLCD_GoToPage                       text24       00174A
__end_of_GLCD_Init                           text20       0016F6
__end_of_GLCD_Printf                         text10       00093A
__end_of_GLCD_SetCursor                      text7        001338
__end_of_LogoBitMap                          mediumconst  007567
__end_of_OffState                            mediumconst  007B42
__end_of_OnState                             mediumconst  007F42
__end_of___aldiv                             text5        000F18
__end_of___awdiv                             text9        0010C2
__end_of___awmod                             text8        001172
__end_of___lldiv                             text13       001216
__end_of___lmul                              text4        00157A
__end_of__initialization                     cinit        0015D2
__end_of_analogRead                          text16       00163E
__end_of_getKeyVal                           intcode_body 0012B0
__end_of_glcd_BusyCheck                      text28       00191A
__end_of_glcd_CmdWrite                       text27       001884
__end_of_glcd_DataWrite                      text22       00190C
__end_of_glcd_SelectPage0                    text26       001926
__end_of_glcd_SelectPage1                    text25       001920
__end_of_keyBoardList                        text6        00054E
__end_of_main                                text0        000BAA
__end_of_map                                 text3        0013B2
__end_of_menu                                text2        0014A0
__end_of_vent                                text1        0017F0
__end_ofi2_DELAY_us                          text33       0018DE
__end_ofi2_analogRead                        text32       00169C
__initialization                             cinit        00157A
__mediumconst                                mediumconst  007166
__pbssBANK0                                  bssBANK0     000060
__pbssCOMRAM                                 bssCOMRAM    000044
__pcinit                                     cinit        00157A
__pcstackBANK0                               cstackBANK0  0000A3
__pcstackCOMRAM                              cstackCOMRAM 000001
__pdataBANK0                                 dataBANK0    00008B
__pdataCOMRAM                                dataCOMRAM   00004C
__pidataBANK0                                idataBANK0   0018DE
__pidataCOMRAM                               idataCOMRAM  001926
__pintcode                                   intcode      000008
__pintcode_body                              intcode_body 001216
__pmediumconst                               mediumconst  007166
__ptext0                                     text0        00093A
__ptext1                                     text1        0017C2
__ptext10                                    text10       00054E
__ptext11                                    text11       001792
__ptext12                                    text12       000BAA
__ptext13                                    text13       001172
__ptext14                                    text14       000F18
__ptext15                                    text15       001884
__ptext16                                    text16       0015E0
__ptext17                                    text17       0013B2
__ptext18                                    text18       0017F0
__ptext19                                    text19       00174A
__ptext2                                     text2        00142A
__ptext20                                    text20       00169C
__ptext21                                    text21       0014A0
__ptext22                                    text22       0018F6
__ptext23                                    text23       001844
__ptext24                                    text24       0016F6
__ptext25                                    text25       00191A
__ptext26                                    text26       001920
__ptext27                                    text27       001864
__ptext28                                    text28       00190C
__ptext29                                    text29       00181A
__ptext3                                     text3        001338
__ptext30                                    text30       0018A2
__ptext32                                    text32       00163E
__ptext33                                    text33       0018C0
__ptext4                                     text4        001510
__ptext5                                     text5        000E0C
__ptext6                                     text6        000012
__ptext7                                     text7        0012B0
__ptext8                                     text8        0010C2
__ptext9                                     text9        000FFE
__ramtop                                     ramtop       000800
__size_of_Config                             (abs)        000000
__size_of_DELAY_ms                           (abs)        000000
__size_of_DELAY_sec                          (abs)        000000
__size_of_DELAY_us                           (abs)        000000
__size_of_GLCD_Clear                         (abs)        000000
__size_of_GLCD_DisplayChar                   (abs)        000000
__size_of_GLCD_DisplayLogo                   (abs)        000000
__size_of_GLCD_DisplayNumber                 (abs)        000000
__size_of_GLCD_DisplayString                 (abs)        000000
__size_of_GLCD_GoToLine                      (abs)        000000
__size_of_GLCD_GoToNextLine                  (abs)        000000
__size_of_GLCD_GoToPage                      (abs)        000000
__size_of_GLCD_Init                          (abs)        000000
__size_of_GLCD_Printf                        (abs)        000000
__size_of_GLCD_SetCursor                     (abs)        000000
__size_of___aldiv                            (abs)        000000
__size_of___awdiv                            (abs)        000000
__size_of___awmod                            (abs)        000000
__size_of___lldiv                            (abs)        000000
__size_of___lmul                             (abs)        000000
__size_of_analogRead                         (abs)        000000
__size_of_getKeyVal                          (abs)        000000
__size_of_glcd_BusyCheck                     (abs)        000000
__size_of_glcd_CmdWrite                      (abs)        000000
__size_of_glcd_DataWrite                     (abs)        000000
__size_of_glcd_SelectPage0                   (abs)        000000
__size_of_glcd_SelectPage1                   (abs)        000000
__size_of_keyBoardList                       (abs)        000000
__size_of_main                               (abs)        000000
__size_of_map                                (abs)        000000
__size_of_menu                               (abs)        000000
__size_of_vent                               (abs)        000000
__size_ofi2_DELAY_us                         (abs)        000000
__size_ofi2_analogRead                       (abs)        000000
__smallconst                                 smallconst   000000
_aN                                          bssBANK0     000060
_analogRead                                  text16       0015E0
_codColor                                    bssBANK0     000080
_codTec                                      bssBANK0     00006C
_comb                                        dataBANK0    00008B
_contChar                                    dataBANK0    00009F
_contKey                                     bssBANK0     000088
_err_margin                                  dataBANK0    00009D
_getKeyVal                                   intcode      000008
_glcd_BusyCheck                              text28       00190C
_glcd_CmdWrite                               text27       001864
_glcd_DataWrite                              text22       0018F6
_glcd_SelectPage0                            text26       001920
_glcd_SelectPage1                            text25       00191A
_key                                         bssBANK0     00007C
_keyBoardList                                text6        000012
_main                                        text0        00093A
_map                                         text3        001338
_menu                                        text2        00142A
_nC                                          dataBANK0    0000A1
_onOff                                       bssCOMRAM    000048
_sX                                          dataCOMRAM   00004E
_sY                                          dataCOMRAM   00004C
_std                                         dataBANK0    00009B
_stdKey                                      bssCOMRAM    00004A
_tick_count                                  bssBANK0     000082
_valM                                        bssBANK0     00008A
_vent                                        text1        0017C2
_xSC                                         bssBANK0     000086
_ySC                                         bssBANK0     000084
analogRead@channel                           cstackCOMRAM 00000F
analogRead@valueRet                          cstackCOMRAM 000015
btemp                                        temp         000050
end_of_initialization                        cinit        0015D2
glcd_CmdWrite@cmd                            cstackCOMRAM 00000F
glcd_DataWrite@dat                           cstackCOMRAM 00000F
i2DELAY_us@us_count                          cstackCOMRAM 000001
i2_DELAY_us                                  text33       0018C0
i2_analogRead                                text32       00163E
i2analogRead@channel                         cstackCOMRAM 000003
i2analogRead@valueRet                        cstackCOMRAM 000009
int$flags                                    temp         000050
int_func                                     intcode_body 001216
intlevel0                                    text         000000
intlevel1                                    text         000000
intlevel2                                    text         000000
intlevel3                                    text         000000
keyBoardList@ch                              cstackCOMRAM 00003E
keyBoardList@value                           cstackBANK0  0000B5
main@i                                       cstackCOMRAM 000042
map@in_M                                     cstackCOMRAM 00002F
map@in_m                                     cstackCOMRAM 00002B
map@out_M                                    cstackCOMRAM 000037
map@out_m                                    cstackCOMRAM 000033
map@x                                        cstackCOMRAM 000027
stackhi                                      (abs)        0007FF
stacklo                                      (abs)        0000B9
start                                        init         00000E
start_initialization                         cinit        00157A
ttemp5                                       temp         000051
ttemp6                                       temp         000054
ttemp7                                       temp         000058
wtemp8                                       temp         000051


FUNCTION INFORMATION:

 *************** function _main *****************
 Defined at:
		line 190 in file "main.c"
 Parameters:    Size  Location     Type
		None
 Auto vars:     Size  Location     Type
  i               2   65[COMRAM] int 
 Return value:  Size  Location     Type
                  1    wreg      void 
 Registers used:
		wreg, fsr2l, fsr2h, status,2, status,0, tblptrl, tblptrh, tblptru, prodl, prodh, cstack
 Tracked objects:
		On entry : 
		On exit  : 
		Unchanged: 
 Data sizes:     COMRAM   BANK0   BANK1   BANK2   BANK3   BANK4   BANK5   BANK6   BANK7
      Params:         0       0       0       0       0       0       0       0       0
      Locals:         2       0       0       0       0       0       0       0       0
      Temps:          2       0       0       0       0       0       0       0       0
      Totals:         4       0       0       0       0       0       0       0       0
Total ram usage:        4 bytes
 Hardware stack levels required when called:   12
 This function calls:
		_Config
		_DELAY_ms
		_DELAY_sec
		_GLCD_Clear
		_GLCD_DisplayLogo
		_GLCD_Printf
		_GLCD_SetCursor
		_analogRead
		_keyBoardList
		_map
		_menu
		_vent
 This function is called by:
		Startup code after reset
 This function uses a non-reentrant model


 *************** function _vent *****************
 Defined at:
		line 348 in file "main.c"
 Parameters:    Size  Location     Type
		None
 Auto vars:     Size  Location     Type
		None
 Return value:  Size  Location     Type
                  1    wreg      void 
 Registers used:
		wreg, status,2, status,0
 Tracked objects:
		On entry : 
		On exit  : 
		Unchanged: 
 Data sizes:     COMRAM   BANK0   BANK1   BANK2   BANK3   BANK4   BANK5   BANK6   BANK7
      Params:         0       0       0       0       0       0       0       0       0
      Locals:         0       0       0       0       0       0       0       0       0
      Temps:          0       0       0       0       0       0       0       0       0
      Totals:         0       0       0       0       0       0       0       0       0
Total ram usage:        0 bytes
 Hardware stack levels used:    1
 Hardware stack levels required when called:    3
 This function calls:
		Nothing
 This function is called by:
		_main
 This function uses a non-reentrant model


 *************** function _menu *****************
 Defined at:
		line 448 in file "main.c"
 Parameters:    Size  Location     Type
		None
 Auto vars:     Size  Location     Type
		None
 Return value:  Size  Location     Type
                  1    wreg      void 
 Registers used:
		wreg, fsr2l, fsr2h, status,2, status,0, tblptrl, tblptrh, tblptru, prodl, prodh, cstack
 Tracked objects:
		On entry : 
		On exit  : 
		Unchanged: 
 Data sizes:     COMRAM   BANK0   BANK1   BANK2   BANK3   BANK4   BANK5   BANK6   BANK7
      Params:         0       0       0       0       0       0       0       0       0
      Locals:         0       0       0       0       0       0       0       0       0
      Temps:          0       0       0       0       0       0       0       0       0
      Totals:         0       0       0       0       0       0       0       0       0
Total ram usage:        0 bytes
 Hardware stack levels used:    1
 Hardware stack levels required when called:   11
 This function calls:
		_GLCD_Clear
		_GLCD_Printf
		_GLCD_SetCursor
 This function is called by:
		_main
 This function uses a non-reentrant model


 *************** function _map *****************
 Defined at:
		line 284 in file "main.c"
 Parameters:    Size  Location     Type
  x               4   38[COMRAM] long 
  in_m            4   42[COMRAM] long 
  in_M            4   46[COMRAM] long 
  out_m           4   50[COMRAM] long 
  out_M           4   54[COMRAM] long 
 Auto vars:     Size  Location     Type
		None
 Return value:  Size  Location     Type
                  4   38[COMRAM] long 
 Registers used:
		wreg, status,2, status,0, cstack
 Tracked objects:
		On entry : 
		On exit  : 
		Unchanged: 
 Data sizes:     COMRAM   BANK0   BANK1   BANK2   BANK3   BANK4   BANK5   BANK6   BANK7
      Params:        20       0       0       0       0       0       0       0       0
      Locals:         0       0       0       0       0       0       0       0       0
      Temps:          0       0       0       0       0       0       0       0       0
      Totals:        20       0       0       0       0       0       0       0       0
Total ram usage:       20 bytes
 Hardware stack levels used:    1
 Hardware stack levels required when called:    4
 This function calls:
		___aldiv
		___lmul
 This function is called by:
		_main
 This function uses a non-reentrant model


 *************** function ___lmul *****************
 Defined at:
		line 15 in file "C:\Program Files\Microchip\xc8\v2.31\pic\sources\c99\common\Umul32.c"
 Parameters:    Size  Location     Type
  multiplier      4   12[COMRAM] unsigned long 
  multiplicand    4   16[COMRAM] unsigned long 
 Auto vars:     Size  Location     Type
  product         4   20[COMRAM] unsigned long 
 Return value:  Size  Location     Type
                  4   12[COMRAM] unsigned long 
 Registers used:
		wreg, status,2, status,0
 Tracked objects:
		On entry : 
		On exit  : 
		Unchanged: 
 Data sizes:     COMRAM   BANK0   BANK1   BANK2   BANK3   BANK4   BANK5   BANK6   BANK7
      Params:         8       0       0       0       0       0       0       0       0
      Locals:         4       0       0       0       0       0       0       0       0
      Temps:          0       0       0       0       0       0       0       0       0
      Totals:        12       0       0       0       0       0       0       0       0
Total ram usage:       12 bytes
 Hardware stack levels used:    1
 Hardware stack levels required when called:    3
 This function calls:
		Nothing
 This function is called by:
		_map
 This function uses a non-reentrant model


 *************** function ___aldiv *****************
 Defined at:
		line 7 in file "C:\Program Files\Microchip\xc8\v2.31\pic\sources\c99\common\aldiv.c"
 Parameters:    Size  Location     Type
  dividend        4   24[COMRAM] long 
  divisor         4   28[COMRAM] long 
 Auto vars:     Size  Location     Type
  quotient        4   34[COMRAM] long 
  sign            1   33[COMRAM] unsigned char 
  counter         1   32[COMRAM] unsigned char 
 Return value:  Size  Location     Type
                  4   24[COMRAM] long 
 Registers used:
		wreg, status,2, status,0
 Tracked objects:
		On entry : 
		On exit  : 
		Unchanged: 
 Data sizes:     COMRAM   BANK0   BANK1   BANK2   BANK3   BANK4   BANK5   BANK6   BANK7
      Params:         8       0       0       0       0       0       0       0       0
      Locals:         6       0       0       0       0       0       0       0       0
      Temps:          0       0       0       0       0       0       0       0       0
      Totals:        14       0       0       0       0       0       0       0       0
Total ram usage:       14 bytes
 Hardware stack levels used:    1
 Hardware stack levels required when called:    3
 This function calls:
		Nothing
 This function is called by:
		_map
 This function uses a non-reentrant model


 *************** function _keyBoardList *****************
 Defined at:
		line 300 in file "main.c"
 Parameters:    Size  Location     Type
  value           4   18[BANK0 ] long 
 Auto vars:     Size  Location     Type
  ch              2   61[COMRAM] int 
 Return value:  Size  Location     Type
                  1    wreg      void 
 Registers used:
		wreg, fsr2l, fsr2h, status,2, status,0, tblptrl, tblptrh, tblptru, prodl, prodh, cstack
 Tracked objects:
		On entry : 
		On exit  : 
		Unchanged: 
 Data sizes:     COMRAM   BANK0   BANK1   BANK2   BANK3   BANK4   BANK5   BANK6   BANK7
      Params:         0       4       0       0       0       0       0       0       0
      Locals:         2       0       0       0       0       0       0       0       0
      Temps:          0       0       0       0       0       0       0       0       0
      Totals:         2       4       0       0       0       0       0       0       0
Total ram usage:        6 bytes
 Hardware stack levels used:    1
 Hardware stack levels required when called:   11
 This function calls:
		_GLCD_Printf
		_GLCD_SetCursor
 This function is called by:
		_main
 This function uses a non-reentrant model


 *************** function _GLCD_SetCursor *****************
 Defined at:
		line 801 in file "glcd.c"
 Parameters:    Size  Location     Type
  lineNumber      1    wreg     unsigned char 
  CursorPositi    1   20[COMRAM] unsigned char 
 Auto vars:     Size  Location     Type
  lineNumber      1   21[COMRAM] unsigned char 
  pageNumber      1   22[COMRAM] unsigned char 
 Return value:  Size  Location     Type
                  1    wreg      void 
 Registers used:
		wreg, status,2, status,0, cstack
 Tracked objects:
		On entry : 
		On exit  : 
		Unchanged: 
 Data sizes:     COMRAM   BANK0   BANK1   BANK2   BANK3   BANK4   BANK5   BANK6   BANK7
      Params:         1       0       0       0       0       0       0       0       0
      Locals:         2       0       0       0       0       0       0       0       0
      Temps:          0       0       0       0       0       0       0       0       0
      Totals:         3       0       0       0       0       0       0       0       0
Total ram usage:        3 bytes
 Hardware stack levels used:    1
 Hardware stack levels required when called:    6
 This function calls:
		___awdiv
		___awmod
		_glcd_CmdWrite
		_glcd_SelectPage0
		_glcd_SelectPage1
 This function is called by:
		_main
		_keyBoardList
		_menu
		_GLCD_VerticalGraph
		_GLCD_HorizontalGraph
 This function uses a non-reentrant model


 *************** function ___awmod *****************
 Defined at:
		line 7 in file "C:\Program Files\Microchip\xc8\v2.31\pic\sources\c99\common\awmod.c"
 Parameters:    Size  Location     Type
  dividend        2   12[COMRAM] int 
  divisor         2   14[COMRAM] int 
 Auto vars:     Size  Location     Type
  sign            1   17[COMRAM] unsigned char 
  counter         1   16[COMRAM] unsigned char 
 Return value:  Size  Location     Type
                  2   12[COMRAM] int 
 Registers used:
		wreg, status,2, status,0
 Tracked objects:
		On entry : 
		On exit  : 
		Unchanged: 
 Data sizes:     COMRAM   BANK0   BANK1   BANK2   BANK3   BANK4   BANK5   BANK6   BANK7
      Params:         4       0       0       0       0       0       0       0       0
      Locals:         2       0       0       0       0       0       0       0       0
      Temps:          0       0       0       0       0       0       0       0       0
      Totals:         6       0       0       0       0       0       0       0       0
Total ram usage:        6 bytes
 Hardware stack levels used:    1
 Hardware stack levels required when called:    3
 This function calls:
		Nothing
 This function is called by:
		_GLCD_SetCursor
 This function uses a non-reentrant model


 *************** function ___awdiv *****************
 Defined at:
		line 7 in file "C:\Program Files\Microchip\xc8\v2.31\pic\sources\c99\common\awdiv.c"
 Parameters:    Size  Location     Type
  dividend        2   12[COMRAM] int 
  divisor         2   14[COMRAM] int 
 Auto vars:     Size  Location     Type
  quotient        2   18[COMRAM] int 
  sign            1   17[COMRAM] unsigned char 
  counter         1   16[COMRAM] unsigned char 
 Return value:  Size  Location     Type
                  2   12[COMRAM] int 
 Registers used:
		wreg, status,2, status,0
 Tracked objects:
		On entry : 
		On exit  : 
		Unchanged: 
 Data sizes:     COMRAM   BANK0   BANK1   BANK2   BANK3   BANK4   BANK5   BANK6   BANK7
      Params:         4       0       0       0       0       0       0       0       0
      Locals:         4       0       0       0       0       0       0       0       0
      Temps:          0       0       0       0       0       0       0       0       0
      Totals:         8       0       0       0       0       0       0       0       0
Total ram usage:        8 bytes
 Hardware stack levels used:    1
 Hardware stack levels required when called:    3
 This function calls:
		Nothing
 This function is called by:
		_GLCD_SetCursor
		_GLCD_VerticalGraph
 This function uses a non-reentrant model


 *************** function _GLCD_Printf *****************
 Defined at:
		line 526 in file "glcd.c"
 Parameters:    Size  Location     Type
  argList         2   53[COMRAM] PTR const unsigned char 
		 -> STR_14(23), STR_13(23), STR_12(23), STR_11(23), 
		 -> STR_10(23), STR_9(23), STR_8(23), STR_7(12), 
		 -> STR_6(4), STR_5(4), STR_4(4), STR_3(5), 
		 -> STR_2(4), STR_1(41), 
 Auto vars:     Size  Location     Type
  v_num_u32       4    6[BANK0 ] unsigned long 
  argp            2   16[BANK0 ] PTR void [1]
		 -> ?_GLCD_Printf(1), 
  ptr             2   12[BANK0 ] PTR const unsigned char 
		 -> STR_14(23), STR_13(23), STR_12(23), STR_11(23), 
		 -> STR_10(23), STR_9(23), STR_8(23), STR_7(12), 
		 -> STR_6(4), STR_5(4), STR_4(4), STR_3(5), 
		 -> STR_2(4), STR_1(41), 
  v_num_u16       2   10[BANK0 ] unsigned short 
  v_num_s32       2    4[BANK0 ] int 
  v_num_s16       2    2[BANK0 ] short 
  str             2    0[BANK0 ] PTR unsigned char 
		 -> ?_GLCD_Printf(1), 
  v_numOfDigit    1   15[BANK0 ] unsigned char 
  ch              1   14[BANK0 ] unsigned char 
 Return value:  Size  Location     Type
                  1    wreg      void 
 Registers used:
		wreg, fsr2l, fsr2h, status,2, status,0, tblptrl, tblptrh, tblptru, prodl, prodh, cstack
 Tracked objects:
		On entry : 
		On exit  : 
		Unchanged: 
 Data sizes:     COMRAM   BANK0   BANK1   BANK2   BANK3   BANK4   BANK5   BANK6   BANK7
      Params:         6       0       0       0       0       0       0       0       0
      Locals:         0      18       0       0       0       0       0       0       0
      Temps:          2       0       0       0       0       0       0       0       0
      Totals:         8      18       0       0       0       0       0       0       0
Total ram usage:       26 bytes
 Hardware stack levels used:    1
 Hardware stack levels required when called:   10
 This function calls:
		_GLCD_DisplayChar
		_GLCD_DisplayNumber
		_GLCD_DisplayString
 This function is called by:
		_main
		_keyBoardList
		_menu
		_getColor
 This function uses a non-reentrant model


 *************** function _GLCD_DisplayString *****************
 Defined at:
		line 274 in file "glcd.c"
 Parameters:    Size  Location     Type
  ptr             2   21[COMRAM] PTR unsigned char 
		 -> ?_GLCD_Printf(1), 
 Auto vars:     Size  Location     Type
		None
 Return value:  Size  Location     Type
                  1    wreg      void 
 Registers used:
		wreg, fsr2l, fsr2h, status,2, status,0, tblptrl, tblptrh, tblptru, prodl, prodh, cstack
 Tracked objects:
		On entry : 
		On exit  : 
		Unchanged: 
 Data sizes:     COMRAM   BANK0   BANK1   BANK2   BANK3   BANK4   BANK5   BANK6   BANK7
      Params:         2       0       0       0       0       0       0       0       0
      Locals:         0       0       0       0       0       0       0       0       0
      Temps:          0       0       0       0       0       0       0       0       0
      Totals:         2       0       0       0       0       0       0       0       0
Total ram usage:        2 bytes
 Hardware stack levels used:    1
 Hardware stack levels required when called:    9
 This function calls:
		_GLCD_DisplayChar
 This function is called by:
		_GLCD_Printf
 This function uses a non-reentrant model


 *************** function _GLCD_DisplayNumber *****************
 Defined at:
		line 389 in file "glcd.c"
 Parameters:    Size  Location     Type
  v_numericSys    1    wreg     unsigned char 
  v_number_u32    4   25[COMRAM] unsigned long 
  v_numOfDigit    1   29[COMRAM] unsigned char 
 Auto vars:     Size  Location     Type
  v_numericSys    1   51[COMRAM] unsigned char 
  a              10   39[COMRAM] unsigned char [10]
  i               1   52[COMRAM] unsigned char 
 Return value:  Size  Location     Type
                  1    wreg      void 
 Registers used:
		wreg, fsr2l, fsr2h, status,2, status,0, tblptrl, tblptrh, tblptru, prodl, prodh, cstack
 Tracked objects:
		On entry : 
		On exit  : 
		Unchanged: 
 Data sizes:     COMRAM   BANK0   BANK1   BANK2   BANK3   BANK4   BANK5   BANK6   BANK7
      Params:         5       0       0       0       0       0       0       0       0
      Locals:        14       0       0       0       0       0       0       0       0
      Temps:          9       0       0       0       0       0       0       0       0
      Totals:        28       0       0       0       0       0       0       0       0
Total ram usage:       28 bytes
 Hardware stack levels used:    1
 Hardware stack levels required when called:    9
 This function calls:
		_GLCD_DisplayChar
		___lldiv
 This function is called by:
		_GLCD_Printf
		_GLCD_VerticalGraph
		_GLCD_HorizontalGraph
 This function uses a non-reentrant model


 *************** function ___lldiv *****************
 Defined at:
		line 7 in file "C:\Program Files\Microchip\xc8\v2.31\pic\sources\c99\common\__lldiv.c"
 Parameters:    Size  Location     Type
  dividend        4   12[COMRAM] unsigned long 
  divisor         4   16[COMRAM] unsigned long 
 Auto vars:     Size  Location     Type
  quotient        4   20[COMRAM] unsigned long 
  counter         1   24[COMRAM] unsigned char 
 Return value:  Size  Location     Type
                  4   12[COMRAM] unsigned long 
 Registers used:
		wreg, status,2, status,0
 Tracked objects:
		On entry : 
		On exit  : 
		Unchanged: 
 Data sizes:     COMRAM   BANK0   BANK1   BANK2   BANK3   BANK4   BANK5   BANK6   BANK7
      Params:         8       0       0       0       0       0       0       0       0
      Locals:         5       0       0       0       0       0       0       0       0
      Temps:          0       0       0       0       0       0       0       0       0
      Totals:        13       0       0       0       0       0       0       0       0
Total ram usage:       13 bytes
 Hardware stack levels used:    1
 Hardware stack levels required when called:    3
 This function calls:
		Nothing
 This function is called by:
		_GLCD_DisplayNumber
 This function uses a non-reentrant model


 *************** function _GLCD_DisplayChar *****************
 Defined at:
		line 215 in file "glcd.c"
 Parameters:    Size  Location     Type
  ch              1    wreg     unsigned char 
 Auto vars:     Size  Location     Type
  ch              1   20[COMRAM] unsigned char 
  i               1   19[COMRAM] unsigned char 
  dat             1   18[COMRAM] unsigned char 
 Return value:  Size  Location     Type
                  1    wreg      void 
 Registers used:
		wreg, status,2, status,0, tblptrl, tblptrh, tblptru, prodl, prodh, cstack
 Tracked objects:
		On entry : 
		On exit  : 
		Unchanged: 
 Data sizes:     COMRAM   BANK0   BANK1   BANK2   BANK3   BANK4   BANK5   BANK6   BANK7
      Params:         0       0       0       0       0       0       0       0       0
      Locals:         3       0       0       0       0       0       0       0       0
      Temps:          2       0       0       0       0       0       0       0       0
      Totals:         5       0       0       0       0       0       0       0       0
Total ram usage:        5 bytes
 Hardware stack levels used:    1
 Hardware stack levels required when called:    8
 This function calls:
		_GLCD_GoToNextLine
		_GLCD_GoToPage
		_glcd_DataWrite
 This function is called by:
		_GLCD_DisplayString
		_GLCD_DisplayNumber
		_GLCD_Printf
 This function uses a non-reentrant model


 *************** function _GLCD_GoToNextLine *****************
 Defined at:
		line 772 in file "glcd.c"
 Parameters:    Size  Location     Type
		None
 Auto vars:     Size  Location     Type
		None
 Return value:  Size  Location     Type
                  1    wreg      void 
 Registers used:
		wreg, status,2, status,0, cstack
 Tracked objects:
		On entry : 
		On exit  : 
		Unchanged: 
 Data sizes:     COMRAM   BANK0   BANK1   BANK2   BANK3   BANK4   BANK5   BANK6   BANK7
      Params:         0       0       0       0       0       0       0       0       0
      Locals:         0       0       0       0       0       0       0       0       0
      Temps:          0       0       0       0       0       0       0       0       0
      Totals:         0       0       0       0       0       0       0       0       0
Total ram usage:        0 bytes
 Hardware stack levels used:    1
 Hardware stack levels required when called:    7
 This function calls:
		_GLCD_GoToPage
 This function is called by:
		_GLCD_DisplayChar
 This function uses a non-reentrant model


 *************** function _analogRead *****************
 Defined at:
		line 288 in file "main.c"
 Parameters:    Size  Location     Type
  channel         2   14[COMRAM] int 
 Auto vars:     Size  Location     Type
  valueRet        2   20[COMRAM] int 
 Return value:  Size  Location     Type
                  4   14[COMRAM] long 
 Registers used:
		wreg, status,2, status,0, prodl, prodh, cstack
 Tracked objects:
		On entry : 
		On exit  : 
		Unchanged: 
 Data sizes:     COMRAM   BANK0   BANK1   BANK2   BANK3   BANK4   BANK5   BANK6   BANK7
      Params:         4       0       0       0       0       0       0       0       0
      Locals:         2       0       0       0       0       0       0       0       0
      Temps:          2       0       0       0       0       0       0       0       0
      Totals:         8       0       0       0       0       0       0       0       0
Total ram usage:        8 bytes
 Hardware stack levels used:    1
 Hardware stack levels required when called:    4
 This function calls:
		_DELAY_us
 This function is called by:
		_main
 This function uses a non-reentrant model


 *************** function _GLCD_DisplayLogo *****************
 Defined at:
		line 843 in file "glcd.c"
 Parameters:    Size  Location     Type
  ptr_Logo        2   15[COMRAM] PTR const unsigned char 
		 -> OffState(1024), OnState(1024), 
 Auto vars:     Size  Location     Type
  line            1   18[COMRAM] unsigned char 
  cursor          1   17[COMRAM] unsigned char 
 Return value:  Size  Location     Type
                  1    wreg      void 
 Registers used:
		wreg, status,2, status,0, tblptrl, tblptrh, tblptru, cstack
 Tracked objects:
		On entry : 
		On exit  : 
		Unchanged: 
 Data sizes:     COMRAM   BANK0   BANK1   BANK2   BANK3   BANK4   BANK5   BANK6   BANK7
      Params:         2       0       0       0       0       0       0       0       0
      Locals:         2       0       0       0       0       0       0       0       0
      Temps:          0       0       0       0       0       0       0       0       0
      Totals:         4       0       0       0       0       0       0       0       0
Total ram usage:        4 bytes
 Hardware stack levels used:    1
 Hardware stack levels required when called:    6
 This function calls:
		_glcd_CmdWrite
		_glcd_DataWrite
		_glcd_SelectPage0
		_glcd_SelectPage1
 This function is called by:
		_main
 This function uses a non-reentrant model


 *************** function _DELAY_sec *****************
 Defined at:
		line 96 in file "delay.c"
 Parameters:    Size  Location     Type
  sec_count       2   16[COMRAM] unsigned short 
 Auto vars:     Size  Location     Type
		None
 Return value:  Size  Location     Type
                  1    wreg      void 
 Registers used:
		wreg, status,2, status,0, cstack
 Tracked objects:
		On entry : 
		On exit  : 
		Unchanged: 
 Data sizes:     COMRAM   BANK0   BANK1   BANK2   BANK3   BANK4   BANK5   BANK6   BANK7
      Params:         2       0       0       0       0       0       0       0       0
      Locals:         0       0       0       0       0       0       0       0       0
      Temps:          0       0       0       0       0       0       0       0       0
      Totals:         2       0       0       0       0       0       0       0       0
Total ram usage:        2 bytes
 Hardware stack levels used:    1
 Hardware stack levels required when called:    5
 This function calls:
		_DELAY_ms
 This function is called by:
		_main
		_PWM
 This function uses a non-reentrant model


 *************** function _Config *****************
 Defined at:
		line 387 in file "main.c"
 Parameters:    Size  Location     Type
		None
 Auto vars:     Size  Location     Type
		None
 Return value:  Size  Location     Type
                  1    wreg      void 
 Registers used:
		wreg, status,2, status,0, cstack
 Tracked objects:
		On entry : 
		On exit  : 
		Unchanged: 
 Data sizes:     COMRAM   BANK0   BANK1   BANK2   BANK3   BANK4   BANK5   BANK6   BANK7
      Params:         0       0       0       0       0       0       0       0       0
      Locals:         0       0       0       0       0       0       0       0       0
      Temps:          0       0       0       0       0       0       0       0       0
      Totals:         0       0       0       0       0       0       0       0       0
Total ram usage:        0 bytes
 Hardware stack levels used:    1
 Hardware stack levels required when called:   10
 This function calls:
		_GLCD_Init
 This function is called by:
		_main
 This function uses a non-reentrant model


 *************** function _GLCD_Init *****************
 Defined at:
		line 168 in file "glcd.c"
 Parameters:    Size  Location     Type
		None
 Auto vars:     Size  Location     Type
		None
 Return value:  Size  Location     Type
                  1    wreg      void 
 Registers used:
		wreg, status,2, status,0, cstack
 Tracked objects:
		On entry : 
		On exit  : 
		Unchanged: 
 Data sizes:     COMRAM   BANK0   BANK1   BANK2   BANK3   BANK4   BANK5   BANK6   BANK7
      Params:         0       0       0       0       0       0       0       0       0
      Locals:         0       0       0       0       0       0       0       0       0
      Temps:          0       0       0       0       0       0       0       0       0
      Totals:         0       0       0       0       0       0       0       0       0
Total ram usage:        0 bytes
 Hardware stack levels used:    1
 Hardware stack levels required when called:    9
 This function calls:
		_DELAY_ms
		_GLCD_Clear
		_GLCD_GoToPage
		_glcd_CmdWrite
		_glcd_SelectPage0
		_glcd_SelectPage1
 This function is called by:
		_Config
 This function uses a non-reentrant model


 *************** function _GLCD_Clear *****************
 Defined at:
		line 675 in file "glcd.c"
 Parameters:    Size  Location     Type
		None
 Auto vars:     Size  Location     Type
  line            1   18[COMRAM] unsigned char 
  cursor          1   17[COMRAM] unsigned char 
 Return value:  Size  Location     Type
                  1    wreg      void 
 Registers used:
		wreg, status,2, status,0, cstack
 Tracked objects:
		On entry : 
		On exit  : 
		Unchanged: 
 Data sizes:     COMRAM   BANK0   BANK1   BANK2   BANK3   BANK4   BANK5   BANK6   BANK7
      Params:         0       0       0       0       0       0       0       0       0
      Locals:         2       0       0       0       0       0       0       0       0
      Temps:          0       0       0       0       0       0       0       0       0
      Totals:         2       0       0       0       0       0       0       0       0
Total ram usage:        2 bytes
 Hardware stack levels used:    1
 Hardware stack levels required when called:    8
 This function calls:
		_GLCD_GoToLine
		_glcd_CmdWrite
		_glcd_DataWrite
		_glcd_SelectPage0
		_glcd_SelectPage1
 This function is called by:
		_GLCD_Init
		_main
		_menu
 This function uses a non-reentrant model


 *************** function _glcd_DataWrite *****************
 Defined at:
		line 1029 in file "glcd.c"
 Parameters:    Size  Location     Type
  dat             1    wreg     unsigned char 
 Auto vars:     Size  Location     Type
  dat             1   14[COMRAM] unsigned char 
 Return value:  Size  Location     Type
                  1    wreg      void 
 Registers used:
		wreg, status,2, status,0, cstack
 Tracked objects:
		On entry : 
		On exit  : 
		Unchanged: 
 Data sizes:     COMRAM   BANK0   BANK1   BANK2   BANK3   BANK4   BANK5   BANK6   BANK7
      Params:         0       0       0       0       0       0       0       0       0
      Locals:         1       0       0       0       0       0       0       0       0
      Temps:          0       0       0       0       0       0       0       0       0
      Totals:         1       0       0       0       0       0       0       0       0
Total ram usage:        1 bytes
 Hardware stack levels used:    1
 Hardware stack levels required when called:    5
 This function calls:
		_glcd_BusyCheck
 This function is called by:
		_GLCD_DisplayChar
		_GLCD_Clear
		_GLCD_DisplayLogo
		_GLCD_VerticalGraph
		_GLCD_HorizontalGraph
 This function uses a non-reentrant model


 *************** function _GLCD_GoToLine *****************
 Defined at:
		line 748 in file "glcd.c"
 Parameters:    Size  Location     Type
  lineNumber      1    wreg     unsigned char 
 Auto vars:     Size  Location     Type
  lineNumber      1   16[COMRAM] unsigned char 
 Return value:  Size  Location     Type
                  1    wreg      void 
 Registers used:
		wreg, status,2, status,0, cstack
 Tracked objects:
		On entry : 
		On exit  : 
		Unchanged: 
 Data sizes:     COMRAM   BANK0   BANK1   BANK2   BANK3   BANK4   BANK5   BANK6   BANK7
      Params:         0       0       0       0       0       0       0       0       0
      Locals:         1       0       0       0       0       0       0       0       0
      Temps:          0       0       0       0       0       0       0       0       0
      Totals:         1       0       0       0       0       0       0       0       0
Total ram usage:        1 bytes
 Hardware stack levels used:    1
 Hardware stack levels required when called:    7
 This function calls:
		_GLCD_GoToPage
 This function is called by:
		_GLCD_Clear
 This function uses a non-reentrant model


 *************** function _GLCD_GoToPage *****************
 Defined at:
		line 712 in file "glcd.c"
 Parameters:    Size  Location     Type
  pageNumber      1    wreg     unsigned char 
 Auto vars:     Size  Location     Type
  pageNumber      1   15[COMRAM] unsigned char 
 Return value:  Size  Location     Type
                  1    wreg      void 
 Registers used:
		wreg, status,2, status,0, cstack
 Tracked objects:
		On entry : 
		On exit  : 
		Unchanged: 
 Data sizes:     COMRAM   BANK0   BANK1   BANK2   BANK3   BANK4   BANK5   BANK6   BANK7
      Params:         0       0       0       0       0       0       0       0       0
      Locals:         1       0       0       0       0       0       0       0       0
      Temps:          0       0       0       0       0       0       0       0       0
      Totals:         1       0       0       0       0       0       0       0       0
Total ram usage:        1 bytes
 Hardware stack levels used:    1
 Hardware stack levels required when called:    6
 This function calls:
		_glcd_CmdWrite
		_glcd_SelectPage0
		_glcd_SelectPage1
 This function is called by:
		_GLCD_Init
		_GLCD_DisplayChar
		_GLCD_GoToLine
		_GLCD_GoToNextLine
		_GLCD_HorizontalGraph
 This function uses a non-reentrant model


 *************** function _glcd_SelectPage1 *****************
 Defined at:
		line 1051 in file "glcd.c"
 Parameters:    Size  Location     Type
		None
 Auto vars:     Size  Location     Type
		None
 Return value:  Size  Location     Type
                  1    wreg      void 
 Registers used:
		status,2, status,0
 Tracked objects:
		On entry : 
		On exit  : 
		Unchanged: 
 Data sizes:     COMRAM   BANK0   BANK1   BANK2   BANK3   BANK4   BANK5   BANK6   BANK7
      Params:         0       0       0       0       0       0       0       0       0
      Locals:         0       0       0       0       0       0       0       0       0
      Temps:          0       0       0       0       0       0       0       0       0
      Totals:         0       0       0       0       0       0       0       0       0
Total ram usage:        0 bytes
 Hardware stack levels used:    1
 Hardware stack levels required when called:    3
 This function calls:
		Nothing
 This function is called by:
		_GLCD_Init
		_GLCD_Clear
		_GLCD_GoToPage
		_GLCD_SetCursor
		_GLCD_DisplayLogo
 This function uses a non-reentrant model


 *************** function _glcd_SelectPage0 *****************
 Defined at:
		line 1043 in file "glcd.c"
 Parameters:    Size  Location     Type
		None
 Auto vars:     Size  Location     Type
		None
 Return value:  Size  Location     Type
                  1    wreg      void 
 Registers used:
		status,2, status,0
 Tracked objects:
		On entry : 
		On exit  : 
		Unchanged: 
 Data sizes:     COMRAM   BANK0   BANK1   BANK2   BANK3   BANK4   BANK5   BANK6   BANK7
      Params:         0       0       0       0       0       0       0       0       0
      Locals:         0       0       0       0       0       0       0       0       0
      Temps:          0       0       0       0       0       0       0       0       0
      Totals:         0       0       0       0       0       0       0       0       0
Total ram usage:        0 bytes
 Hardware stack levels used:    1
 Hardware stack levels required when called:    3
 This function calls:
		Nothing
 This function is called by:
		_GLCD_Init
		_GLCD_Clear
		_GLCD_GoToPage
		_GLCD_SetCursor
		_GLCD_DisplayLogo
 This function uses a non-reentrant model


 *************** function _glcd_CmdWrite *****************
 Defined at:
		line 1016 in file "glcd.c"
 Parameters:    Size  Location     Type
  cmd             1    wreg     unsigned char 
 Auto vars:     Size  Location     Type
  cmd             1   14[COMRAM] unsigned char 
 Return value:  Size  Location     Type
                  1    wreg      void 
 Registers used:
		wreg, status,2, status,0, cstack
 Tracked objects:
		On entry : 
		On exit  : 
		Unchanged: 
 Data sizes:     COMRAM   BANK0   BANK1   BANK2   BANK3   BANK4   BANK5   BANK6   BANK7
      Params:         0       0       0       0       0       0       0       0       0
      Locals:         1       0       0       0       0       0       0       0       0
      Temps:          0       0       0       0       0       0       0       0       0
      Totals:         1       0       0       0       0       0       0       0       0
Total ram usage:        1 bytes
 Hardware stack levels used:    1
 Hardware stack levels required when called:    5
 This function calls:
		_DELAY_us
		_glcd_BusyCheck
 This function is called by:
		_GLCD_Init
		_GLCD_Clear
		_GLCD_GoToPage
		_GLCD_SetCursor
		_GLCD_DisplayLogo
 This function uses a non-reentrant model


 *************** function _glcd_BusyCheck *****************
 Defined at:
		line 1061 in file "glcd.c"
 Parameters:    Size  Location     Type
		None
 Auto vars:     Size  Location     Type
		None
 Return value:  Size  Location     Type
                  1    wreg      void 
 Registers used:
		wreg, status,2, status,0, cstack
 Tracked objects:
		On entry : 
		On exit  : 
		Unchanged: 
 Data sizes:     COMRAM   BANK0   BANK1   BANK2   BANK3   BANK4   BANK5   BANK6   BANK7
      Params:         0       0       0       0       0       0       0       0       0
      Locals:         0       0       0       0       0       0       0       0       0
      Temps:          0       0       0       0       0       0       0       0       0
      Totals:         0       0       0       0       0       0       0       0       0
Total ram usage:        0 bytes
 Hardware stack levels used:    1
 Hardware stack levels required when called:    4
 This function calls:
		_DELAY_us
 This function is called by:
		_glcd_CmdWrite
		_glcd_DataWrite
 This function uses a non-reentrant model


 *************** function _DELAY_ms *****************
 Defined at:
		line 70 in file "delay.c"
 Parameters:    Size  Location     Type
  ms_count        2   14[COMRAM] unsigned short 
 Auto vars:     Size  Location     Type
		None
 Return value:  Size  Location     Type
                  1    wreg      void 
 Registers used:
		wreg, status,2, status,0, cstack
 Tracked objects:
		On entry : 
		On exit  : 
		Unchanged: 
 Data sizes:     COMRAM   BANK0   BANK1   BANK2   BANK3   BANK4   BANK5   BANK6   BANK7
      Params:         2       0       0       0       0       0       0       0       0
      Locals:         0       0       0       0       0       0       0       0       0
      Temps:          0       0       0       0       0       0       0       0       0
      Totals:         2       0       0       0       0       0       0       0       0
Total ram usage:        2 bytes
 Hardware stack levels used:    1
 Hardware stack levels required when called:    4
 This function calls:
		_DELAY_us
 This function is called by:
		_DELAY_sec
		_GLCD_Init
		_main
 This function uses a non-reentrant model


 *************** function _DELAY_us *****************
 Defined at:
		line 52 in file "delay.c"
 Parameters:    Size  Location     Type
  us_count        2   12[COMRAM] unsigned short 
 Auto vars:     Size  Location     Type
		None
 Return value:  Size  Location     Type
                  1    wreg      void 
 Registers used:
		wreg, status,2, status,0
 Tracked objects:
		On entry : 
		On exit  : 
		Unchanged: 
 Data sizes:     COMRAM   BANK0   BANK1   BANK2   BANK3   BANK4   BANK5   BANK6   BANK7
      Params:         2       0       0       0       0       0       0       0       0
      Locals:         0       0       0       0       0       0       0       0       0
      Temps:          0       0       0       0       0       0       0       0       0
      Totals:         2       0       0       0       0       0       0       0       0
Total ram usage:        2 bytes
 Hardware stack levels used:    1
 Hardware stack levels required when called:    3
 This function calls:
		Nothing
 This function is called by:
		_DELAY_ms
		_glcd_CmdWrite
		_glcd_BusyCheck
		_analogRead
 This function uses a non-reentrant model


 *************** function _getKeyVal *****************
 Defined at:
		line 428 in file "main.c"
 Parameters:    Size  Location     Type
		None
 Auto vars:     Size  Location     Type
		None
 Return value:  Size  Location     Type
                  1    wreg      void 
 Registers used:
		wreg, status,2, status,0, prodl, prodh, cstack
 Tracked objects:
		On entry : 
		On exit  : 
		Unchanged: 
 Data sizes:     COMRAM   BANK0   BANK1   BANK2   BANK3   BANK4   BANK5   BANK6   BANK7
      Params:         0       0       0       0       0       0       0       0       0
      Locals:         0       0       0       0       0       0       0       0       0
      Temps:          2       0       0       0       0       0       0       0       0
      Totals:         2       0       0       0       0       0       0       0       0
Total ram usage:        2 bytes
 Hardware stack levels used:    1
 Hardware stack levels required when called:    2
 This function calls:
		i2_analogRead
 This function is called by:
		Interrupt level 2
 This function uses a non-reentrant model


 *************** function i2_analogRead *****************
 Defined at:
		line 288 in file "main.c"
 Parameters:    Size  Location     Type
  channel         2    2[COMRAM] int 
 Auto vars:     Size  Location     Type
  valueRet        2    8[COMRAM] int 
 Return value:  Size  Location     Type
                  4    2[COMRAM] long 
 Registers used:
		wreg, status,2, status,0, prodl, prodh, cstack
 Tracked objects:
		On entry : 
		On exit  : 
		Unchanged: 
 Data sizes:     COMRAM   BANK0   BANK1   BANK2   BANK3   BANK4   BANK5   BANK6   BANK7
      Params:         4       0       0       0       0       0       0       0       0
      Locals:         2       0       0       0       0       0       0       0       0
      Temps:          2       0       0       0       0       0       0       0       0
      Totals:         8       0       0       0       0       0       0       0       0
Total ram usage:        8 bytes
 Hardware stack levels used:    1
 Hardware stack levels required when called:    1
 This function calls:
		i2_DELAY_us
 This function is called by:
		_getKeyVal
 This function uses a non-reentrant model


 *************** function i2_DELAY_us *****************
 Defined at:
		line 52 in file "delay.c"
 Parameters:    Size  Location     Type
  us_count        2    0[COMRAM] unsigned short 
 Auto vars:     Size  Location     Type
		None
 Return value:  Size  Location     Type
                  1    wreg      void 
 Registers used:
		wreg, status,2, status,0
 Tracked objects:
		On entry : 
		On exit  : 
		Unchanged: 
 Data sizes:     COMRAM   BANK0   BANK1   BANK2   BANK3   BANK4   BANK5   BANK6   BANK7
      Params:         2       0       0       0       0       0       0       0       0
      Locals:         0       0       0       0       0       0       0       0       0
      Temps:          0       0       0       0       0       0       0       0       0
      Totals:         2       0       0       0       0       0       0       0       0
Total ram usage:        2 bytes
 Hardware stack levels used:    1
 This function calls:
		Nothing
 This function is called by:
		i2_analogRead
 This function uses a non-reentrant model



MODULE INFORMATION

Module		Function		Class		Link	Load	Size
delay.c
		_DELAY_ms      		CODE           	181A	0000	42
		_DELAY_sec     		CODE           	17F0	0000	42
		_DELAY_us      		CODE           	18A2	0000	30

delay.c estimated size: 114

C:\Program Files\Microchip\xc8\v2.31\pic\sources\c99\common\Umul32.c
		___lmul        		CODE           	1510	0000	106

C:\Program Files\Microchip\xc8\v2.31\pic\sources\c99\common\Umul32.c estimated size: 106

C:\Program Files\Microchip\xc8\v2.31\pic\sources\c99\common\awmod.c
		___awmod       		CODE           	10C2	0000	176

C:\Program Files\Microchip\xc8\v2.31\pic\sources\c99\common\awmod.c estimated size: 176

shared
		i2_DELAY_us    		CODE           	18C0	0000	30
		__initialization		CODE           	157A	0000	88
		_LogoBitMap    		MEDIUMCONST    	7167	0000	1024
		i2_analogRead  		CODE           	163E	0000	94
		_OffState      		MEDIUMCONST    	7742	0000	1024
		_OnState       		MEDIUMCONST    	7B42	0000	1024
		_A_GlcdFontTable_U8		MEDIUMCONST    	7567	0000	475

shared estimated size: 3759

glcd.c
		_glcd_DataWrite		CODE           	18F6	0000	22
		_glcd_BusyCheck		CODE           	190C	0000	14
		_GLCD_DisplayChar		CODE           	0F18	0000	230
		_GLCD_DisplayLogo		CODE           	13B2	0000	120
		_GLCD_Init     		CODE           	169C	0000	90
		_GLCD_GoToPage 		CODE           	16F6	0000	84
		_GLCD_GoToLine 		CODE           	1844	0000	32
		_GLCD_Printf   		CODE           	054E	0000	1004
		_glcd_SelectPage0		CODE           	1920	0000	6
		_glcd_SelectPage1		CODE           	191A	0000	6
		_GLCD_GoToNextLine		CODE           	1884	0000	30
		_GLCD_DisplayString		CODE           	1792	0000	48
		_GLCD_DisplayNumber		CODE           	0BAA	0000	610
		_glcd_CmdWrite 		CODE           	1864	0000	32
		_GLCD_SetCursor		CODE           	12B0	0000	136
		_GLCD_Clear    		CODE           	14A0	0000	112

glcd.c estimated size: 2576

C:\Program Files\Microchip\xc8\v2.31\pic\sources\c99\common\awdiv.c
		___awdiv       		CODE           	0FFE	0000	196

C:\Program Files\Microchip\xc8\v2.31\pic\sources\c99\common\awdiv.c estimated size: 196

C:\Program Files\Microchip\xc8\v2.31\pic\sources\c99\common\aldiv.c
		___aldiv       		CODE           	0E0C	0000	268

C:\Program Files\Microchip\xc8\v2.31\pic\sources\c99\common\aldiv.c estimated size: 268

main.c
		_map           		CODE           	1338	0000	122
		_Config        		CODE           	174A	0000	72
		_menu          		CODE           	142A	0000	118
		_vent          		CODE           	17C2	0000	46
		_keyBoardList  		CODE           	0012	0000	1340
		_main          		CODE           	093A	0000	624
		_analogRead    		CODE           	15E0	0000	94
		_getKeyVal     		CODE           	0008	0000	160

main.c estimated size: 2576

C:\Program Files\Microchip\xc8\v2.31\pic\sources\c99\common\__lldiv.c
		___lldiv       		CODE           	1172	0000	164

C:\Program Files\Microchip\xc8\v2.31\pic\sources\c99\common\__lldiv.c estimated size: 164

